

================================================================
== Synthesis Summary Report of 'matmul_stream_2'
================================================================
+ General Information: 
    * Date:           Fri May  1 23:08:37 2026
    * Version:        2021.1 (Build 3247384 on Thu Jun 10 19:36:33 MDT 2021)
    * Project:        matmul
    * Solution:       resourceconstrained (Vivado IP Flow Target)
    * Product family: zynq
    * Target device:  xc7z020-clg400-1
    

+ Performance & Resource Estimates: 
    
    PS: '+' for module; 'o' for loop; '*' for dataflow
    +------------------------------------------------------------------------+--------+-------+---------+-----------+----------+---------+------+----------+--------+--------+-------------+---------------+-----+
    |                                 Modules                                |  Issue |       | Latency |  Latency  | Iteration|         | Trip |          |        |        |             |               |     |
    |                                 & Loops                                |  Type  | Slack | (cycles)|    (ns)   |  Latency | Interval| Count| Pipelined|  BRAM  |   DSP  |      FF     |      LUT      | URAM|
    +------------------------------------------------------------------------+--------+-------+---------+-----------+----------+---------+------+----------+--------+--------+-------------+---------------+-----+
    |+ matmul_stream_2                                                       |  Timing|  -3.52|        -|          -|         -|        -|     -|        no|  8 (2%)|  9 (4%)|  80006 (75%)|  281196 (528%)|    -|
    | + grp_matmul_stream_2_Pipeline_VITIS_LOOP_50_1_VITIS_LOOP_51_2_fu_312  |       -|   1.36|     4098|  4.435e+04|         -|     4098|     -|        no|       -|       -|     74 (~0%)|      178 (~0%)|    -|
    |  o VITIS_LOOP_50_1_VITIS_LOOP_51_2                                     |       -|   7.30|     4096|  4.433e+04|         2|        1|  4096|       yes|       -|       -|            -|              -|    -|
    | + grp_matmul_stream_2_Pipeline_input_iter_fu_326                       |  Timing|  -3.52|        -|          -|         -|        -|     -|        no|       -|  9 (4%)|  79785 (74%)|  280771 (527%)|    -|
    |  o input_iter                                                          |       -|   7.30|        -|          -|      2052|        -|     -|        no|       -|       -|            -|              -|    -|
    +------------------------------------------------------------------------+--------+-------+---------+-----------+----------+---------+------+----------+--------+--------+-------------+---------------+-----+


================================================================
== HW Interfaces
================================================================
* S_AXILITE
+---------------+------------+---------------+--------+----------+
| Interface     | Data Width | Address Width | Offset | Register |
+---------------+------------+---------------+--------+----------+
| s_axi_control | 32         | 5             | 16     | 0        |
+---------------+------------+---------------+--------+----------+

* AXIS
+------------+---------------+-------+-------+-------+--------+-------+--------+
| Interface  | Register Mode | TDATA | TKEEP | TLAST | TREADY | TSTRB | TVALID |
+------------+---------------+-------+-------+-------+--------+-------+--------+
| in_stream  | both          | 32    | 4     | 1     | 1      | 4     | 1      |
| out_stream | both          | 32    | 4     | 1     | 1      | 4     | 1      |
+------------+---------------+-------+-------+-------+--------+-------+--------+

* TOP LEVEL CONTROL
+-----------+------------+-----------+
| Interface | Type       | Ports     |
+-----------+------------+-----------+
| ap_clk    | clock      | ap_clk    |
| ap_rst_n  | reset      | ap_rst_n  |
| interrupt | interrupt  | interrupt |
| ap_ctrl   | ap_ctrl_hs |           |
+-----------+------------+-----------+


================================================================
== SW I/O Information
================================================================
* Top Function Arguments
+------------+-----------+--------------------------------------------+
| Argument   | Direction | Datatype                                   |
+------------+-----------+--------------------------------------------+
| in_stream  | in        | stream<hls::axis<ap_int<32>, 0, 0, 0>, 0>& |
| out_stream | out       | stream<hls::axis<ap_int<32>, 0, 0, 0>, 0>& |
| N          | in        | int                                        |
+------------+-----------+--------------------------------------------+

* SW-to-HW Mapping
+------------+-----------------+-----------+-----------------------+
| Argument   | HW Name         | HW Type   | HW Info               |
+------------+-----------------+-----------+-----------------------+
| in_stream  | in_stream       | interface |                       |
| out_stream | out_stream      | interface |                       |
| N          | s_axi_control N | register  | offset=0x10, range=32 |
+------------+-----------------+-----------+-----------------------+


================================================================
== M_AXI Burst Information
================================================================

