

================================================================
== Synthesis Summary Report of 'matmul_stream_2'
================================================================
+ General Information: 
    * Date:           Fri May  1 18:32:51 2026
    * Version:        2021.1 (Build 3247384 on Thu Jun 10 19:36:33 MDT 2021)
    * Project:        matmul
    * Solution:       solution2fixedpipelineoff (Vivado IP Flow Target)
    * Product family: zynq
    * Target device:  xc7z020-clg400-1
    

+ Performance & Resource Estimates: 
    
    PS: '+' for module; 'o' for loop; '*' for dataflow
    +---------------------+------+------+---------+-----------+----------+---------+------+----------+---------+--------+-----------+----------+-----+
    |       Modules       | Issue|      | Latency |  Latency  | Iteration|         | Trip |          |         |        |           |          |     |
    |       & Loops       | Type | Slack| (cycles)|    (ns)   |  Latency | Interval| Count| Pipelined|  BRAM   |   DSP  |     FF    |    LUT   | URAM|
    +---------------------+------+------+---------+-----------+----------+---------+------+----------+---------+--------+-----------+----------+-----+
    |+ matmul_stream_2    |     -|  0.39|        -|          -|         -|        -|     -|        no|  10 (3%)|  3 (1%)|  654 (~0%)|  719 (1%)|    -|
    | o VITIS_LOOP_50_1   |     -|  7.30|     4224|  4.224e+04|        66|        -|    64|        no|        -|       -|          -|         -|    -|
    |  o VITIS_LOOP_51_2  |     -|  7.30|       64|    640.000|         1|        -|    64|        no|        -|       -|          -|         -|    -|
    | o input_iter        |     -|  7.30|        -|          -|     20868|        -|     -|        no|        -|       -|          -|         -|    -|
    |  o data_in          |     -|  7.30|       64|    640.000|         1|        -|    64|        no|        -|       -|          -|         -|    -|
    |  o matrix_mul       |     -|  7.30|    20608|  2.061e+05|       322|        -|    64|        no|        -|       -|          -|         -|    -|
    |   o ith_element     |     -|  7.30|      320|  3.200e+03|         5|        -|    64|        no|        -|       -|          -|         -|    -|
    |  o data_out         |     -|  7.30|      192|  1.920e+03|         3|        -|    64|        no|        -|       -|          -|         -|    -|
    +---------------------+------+------+---------+-----------+----------+---------+------+----------+---------+--------+-----------+----------+-----+


================================================================
== HW Interfaces
================================================================
* S_AXILITE
+---------------+------------+---------------+--------+----------+
| Interface     | Data Width | Address Width | Offset | Register |
+---------------+------------+---------------+--------+----------+
| s_axi_control | 32         | 5             | 16     | 0        |
+---------------+------------+---------------+--------+----------+

* AXIS
+------------+---------------+-------+-------+-------+--------+-------+--------+
| Interface  | Register Mode | TDATA | TKEEP | TLAST | TREADY | TSTRB | TVALID |
+------------+---------------+-------+-------+-------+--------+-------+--------+
| in_stream  | both          | 32    | 4     | 1     | 1      | 4     | 1      |
| out_stream | both          | 32    | 4     | 1     | 1      | 4     | 1      |
+------------+---------------+-------+-------+-------+--------+-------+--------+

* TOP LEVEL CONTROL
+-----------+------------+-----------+
| Interface | Type       | Ports     |
+-----------+------------+-----------+
| ap_clk    | clock      | ap_clk    |
| ap_rst_n  | reset      | ap_rst_n  |
| interrupt | interrupt  | interrupt |
| ap_ctrl   | ap_ctrl_hs |           |
+-----------+------------+-----------+


================================================================
== SW I/O Information
================================================================
* Top Function Arguments
+------------+-----------+--------------------------------------------+
| Argument   | Direction | Datatype                                   |
+------------+-----------+--------------------------------------------+
| in_stream  | in        | stream<hls::axis<ap_int<32>, 0, 0, 0>, 0>& |
| out_stream | out       | stream<hls::axis<ap_int<32>, 0, 0, 0>, 0>& |
| N          | in        | int                                        |
+------------+-----------+--------------------------------------------+

* SW-to-HW Mapping
+------------+-----------------+-----------+-----------------------+
| Argument   | HW Name         | HW Type   | HW Info               |
+------------+-----------------+-----------+-----------------------+
| in_stream  | in_stream       | interface |                       |
| out_stream | out_stream      | interface |                       |
| N          | s_axi_control N | register  | offset=0x10, range=32 |
+------------+-----------------+-----------+-----------------------+


================================================================
== M_AXI Burst Information
================================================================

